ID,Type,VulnType,Variable,StartLine,EndLine,StartCol,EndCol,Path,Description
1,EI_EXPOSE_REP2,FB_EiER,permissionsToGive,24,24,34,51,/home/wolf/IdeaProjects/AIFix4SecCode/test-project/src/main/java/example/ArrayDemo.java,example.ArrayDemo.withPermissionsToGive(String[]) may expose internal representation by storing an externally mutable object into ArrayDemo.permissionsToGive
2,EI_EXPOSE_REP2,FB_EiER,permissionsToNeeded,29,29,36,55,/home/wolf/IdeaProjects/AIFix4SecCode/test-project/src/main/java/example/ArrayDemo.java,example.ArrayDemo.withPermissionsToNeeded(String[]) may expose internal representation by storing an externally mutable object into ArrayDemo.permissionsToNeeded
3,EI_EXPOSE_REP2,FB_EiER,permissionsToNotNeeded,34,34,39,61,/home/wolf/IdeaProjects/AIFix4SecCode/test-project/src/main/java/example/ArrayDemo.java,example.ArrayDemo.withPermissionsToNotNeeded(String[]) may expose internal representation by storing an externally mutable object into ArrayDemo.permissionsToNotNeeded
4,EI_EXPOSE_REP2,FB_EiER,actions,40,40,24,31,/home/wolf/IdeaProjects/AIFix4SecCode/test-project/src/main/java/example/ArrayDemo.java,example.ArrayDemo.withActions(String[]) may expose internal representation by storing an externally mutable object into ArrayDemo.actions
5,MS_SHOULD_BE_FINAL,FB_MSBF,MY_CONSTANT,3,3,26,37,/home/wolf/IdeaProjects/AIFix4SecCode/test-project/src/main/java/example/Main.java,example.Main.MY_CONSTANT isn't final but should be
6,EI_EXPOSE_REP,FB_EER,date,12,12,16,20,/home/wolf/IdeaProjects/AIFix4SecCode/test-project/src/main/java/example/MyDate.java,example.MyDate.getDate() may expose internal representation by returning MyDate.date
7,EI_EXPOSE_REP2,FB_EiER,date,16,16,21,25,/home/wolf/IdeaProjects/AIFix4SecCode/test-project/src/main/java/example/MyDate.java,example.MyDate.setDate(Date) may expose internal representation by storing an externally mutable object into MyDate.date
8,NP_NULL_ON_SOME_PATH,FB_NNOSP,null,7,7,20,23,/home/wolf/IdeaProjects/AIFix4SecCode/test-project/src/main/java/example/NullPath.java,Possible null pointer dereference of null in example.NullPath.foo(String)
