ID,Type,Status,Message,Generated,Filtered,Verified
1,EI_EXPOSE_REP2,OK,ok,2,2,2
2,EI_EXPOSE_REP2,OK,ok,2,2,2
3,EI_EXPOSE_REP2,OK,ok,2,2,2
4,EI_EXPOSE_REP2,OK,ok,2,2,2
5,FI_PUBLIC_SHOULD_BE_PROTECTED,OK,ok,1,1,1
6,MS_SHOULD_BE_FINAL,OK,ok,1,1,1
7,EI_EXPOSE_REP,OK,ok,3,2,2
8,EI_EXPOSE_REP2,OK,ok,3,2,2
9,NP_NULL_ON_SOME_PATH,OK,ok,1,1,1
10,MS_MUTABLE_COLLECTION,OK,ok,1,1,1
11,MS_PKGPROTECT,OK,ok,1,1,1
12,MS_MUTABLE_COLLECTION,OK,ok,1,1,1
